AREA .  .ABS.
	RADIX HEX
	BASE 0000
	SIZE 0000
	ATTRIB ABS OVR
	GLOBALS
		l__HEAP	0000
		l__BSEG	0000
		l_.  .ABS.	0000
		l__GSFINAL	0000
		l__ISEG	0000
		s_.  .ABS.	0000
		s__HEADER	0000
		l__XSEG	0000
		.init	0000
		l__OVERLAY	0000
		l__LIT	0000
		s__SFR	0000
		l__GSINITTAIL	0001
		l__BSS	0059
		l__DATA	00D9
		l__BASE	0125
		l__HOME	01AC
		l__HEADER	01E1
		s__CODE	0200
		l__CODE	03AC
		l__GSINIT	0485
		s__HOME	05AC
		s__BASE	0758
		s__LIT	087D
		s__GSINIT	087D
		s__GSINITTAIL	0D02
		s__GSFINAL	0D03
		.OAM	C000
		s__DATA	C0A0
		s__BSS	C179
		s__HEAP	C1D2
		s__BSEG	C1D2
		s__ISEG	C1D2
		s__XSEG	C1D2
		s__OVERLAY	C1D2
		.STACK	E000
		.refresh_OAM	FF80
		l__SFR	10000
AREA _CODE
	RADIX HEX
	BASE 0200
	SIZE 03AC
	ATTRIB REL CON
	GLOBALS
		_performantdelay	0200
		_movegamecharacter	0214
		_setupship	029E
		_setupbug	0331
		_setupbullet	03C4
		_main	0457
AREA _HEADER
	RADIX HEX
	BASE 0000
	SIZE 01E1
	ATTRIB ABS OVR
	GLOBALS
		_exit	01D2
AREA _HOME
	RADIX HEX
	BASE 05AC
	SIZE 01AC
	ATTRIB REL CON
	GLOBALS
		.set_mode	05AC
		.remove_VBL	05BC
		.remove_LCD	05C2
		.remove_TIM	05C8
		.remove_SIO	05CE
		.remove_JOY	05D4
		.add_VBL	05DA
		.add_LCD	05E0
		.add_TIM	05E6
		.add_SIO	05EC
		.add_JOY	05F2
		.remove_int	05F8
		.add_int	0618
		.wait_vbl_done	0634
		_wait_vbl_done	0634
		_display_off	064B
		.display_off	064B
		.serial_IO	066C
		_mode	069B
		_get_mode	06A4
		_enable_interrupts	06A9
		_disable_interrupts	06AB
		_reset	06AD
		.reset	06AD
		_set_interrupts	06B3
		_remove_VBL	06BE
		_remove_LCD	06C9
		_remove_TIM	06D4
		_remove_SIO	06DF
		_remove_JOY	06EA
		_add_VBL	06F5
		_add_LCD	0700
		_add_TIM	070B
		_add_SIO	0716
		_add_JOY	0721
		_clock	072C
		__printTStates	0735
		banked_call	0736
		banked_ret	074F
AREA _BASE
	RADIX HEX
	BASE 0758
	SIZE 0125
	ATTRIB REL CON
	GLOBALS
		.mv_sprite	0758
		_move_sprite	0767
		_set_win_data	0774
		_set_bkg_data	0774
		_set_sprite_data	07C1
		.padup	07F0
		_waitpadup	07F0
		.jpad	0800
		.wait_pad	082D
		_joypad	0834
		_waitpad	0839
		.set_sprite_tile	0843
		_set_sprite_tile	0850
		.copy_vram	085B
		_get_data	086A
		_set_data	086A
AREA _LIT
	RADIX HEX
	BASE 087D
	SIZE 0000
	ATTRIB REL CON
AREA _GSINIT
	RADIX HEX
	BASE 087D
	SIZE 0485
	ATTRIB REL CON
	GLOBALS
		gsinit	087D
AREA _GSINITTAIL
	RADIX HEX
	BASE 0D02
	SIZE 0001
	ATTRIB REL CON
AREA _GSFINAL
	RADIX HEX
	BASE 0D03
	SIZE 0000
	ATTRIB REL CON
AREA _DATA
	RADIX HEX
	BASE C0A0
	SIZE 00D9
	ATTRIB REL CON
	GLOBALS
		_GameSprites	C0A0
		_ship	C160
		_bug	C168
		_bullet	C170
		_spritesize	C178
AREA _BSS
	RADIX HEX
	BASE C179
	SIZE 0059
	ATTRIB REL CON
	GLOBALS
		__cpu	C179
		.mode	C17A
		__io_out	C17B
		__io_in	C17C
		__io_status	C17D
		.vbl_done	C17E
		__current_bank	C17F
		_sys_time	C180
		.sys_time	C180
		.int_0x40	C182
		.int_0x48	C192
		.int_0x50	C1A2
		.int_0x58	C1B2
		.int_0x60	C1C2
AREA _HEAP
	RADIX HEX
	BASE C1D2
	SIZE 0000
	ATTRIB REL CON
	GLOBALS
		_malloc_heap_start	C1D2
AREA _OVERLAY
	RADIX HEX
	BASE C1D2
	SIZE 0000
	ATTRIB REL CON
AREA _ISEG
	RADIX HEX
	BASE C1D2
	SIZE 0000
	ATTRIB REL CON
AREA _BSEG
	RADIX HEX
	BASE C1D2
	SIZE 0000
	ATTRIB REL CON
AREA _XSEG
	RADIX HEX
	BASE C1D2
	SIZE 0000
	ATTRIB REL CON
AREA _SFR
	RADIX HEX
	BASE 0000
	SIZE 10000
	ATTRIB ABS OVR
	GLOBALS
		_P1_REG	FF00
		_SB_REG	FF01
		_SC_REG	FF02
		_DIV_REG	FF04
		_TIMA_REG	FF05
		_TMA_REG	FF06
		_TAC_REG	FF07
		_IF_REG	FF0F
		_NR10_REG	FF10
		_NR11_REG	FF11
		_NR12_REG	FF12
		_NR13_REG	FF13
		_NR14_REG	FF14
		_NR21_REG	FF16
		_NR22_REG	FF17
		_NR23_REG	FF18
		_NR24_REG	FF19
		_NR30_REG	FF1A
		_NR31_REG	FF1B
		_NR32_REG	FF1C
		_NR33_REG	FF1D
		_NR34_REG	FF1E
		_NR41_REG	FF20
		_NR42_REG	FF21
		_NR43_REG	FF22
		_NR44_REG	FF23
		_NR50_REG	FF24
		_NR51_REG	FF25
		_NR52_REG	FF26
		_LCDC_REG	FF40
		_STAT_REG	FF41
		_SCY_REG	FF42
		_SCX_REG	FF43
		_LY_REG	FF44
		_LYC_REG	FF45
		_DMA_REG	FF46
		_BGP_REG	FF47
		_OBP0_REG	FF48
		_OBP1_REG	FF49
		_WY_REG	FF4A
		_WX_REG	FF4B
		_KEY1_REG	FF4D
		_VBK_REG	FF4F
		_HDMA1_REG	FF51
		_HDMA2_REG	FF52
		_HDMA3_REG	FF53
		_HDMA4_REG	FF54
		_HDMA5_REG	FF55
		_RP_REG	FF56
		_BCPS_REG	FF68
		_BCPD_REG	FF69
		_OCPS_REG	FF6A
		_OCPD_REG	FF6B
		_SVBK_REG	FF70
		_IE_REG	FFFF
MODULES
	FILE c:\gbdk\lib/small/asxxxx/gb/crt0.o
		NAME Runtime
	FILE main.o
		NAME lcc303560
LIBRARIES
	LIBRARY c:\gbdk\lib/small/asxxxx/gb/gb.lib
		MODULE sfr.o
	LIBRARY c:\gbdk\lib/small/asxxxx/gb/gb.lib
		MODULE mv_spr.o
	LIBRARY c:\gbdk\lib/small/asxxxx/gb/gb.lib
		MODULE set_data.o
	LIBRARY c:\gbdk\lib/small/asxxxx/gb/gb.lib
		MODULE pad.o
	LIBRARY c:\gbdk\lib/small/asxxxx/gb/gb.lib
		MODULE set_spr.o
	LIBRARY c:\gbdk\lib/small/asxxxx/gb/gb.lib
		MODULE cpy_data.o
USERBASEDEF
	_CODE=0x0200
	_DATA=0xC0A0
	_CODE_1=0x4000
USERGLOBALDEF
	.OAM=0xC000
	.STACK=0xE000
	.refresh_OAM=0xFF80
	.init=0x0000
